Laura/avocado_sales_2016.csv
,Date,AveragePrice,Total Volume,4046,4225,4770,Total Bags,Small Bags,Large Bags,XLarge Bags,type,year,region
11690,1/4/2016,1.57,8032.68,1673.67,5173.13,0.0,1185.88,196.67,989.0,0.0,organic,2016,Detroit
11691,1/10/2016,1.48,13098.8,4763.82,6356.7,0.0,1978.28,615.29,1363.0,0.0,organic,2016,Detroit
11692,1/17/2016,1.73,10928.62,2686.57,6590.28,0.0,1651.77,455.94,1196.0,0.0,organic,2016,Detroit
11693,1/24/2016,1.24,13050.86,1591.6,5173.38,0.0,6285.88,736.67,5549.0,0.0,organic,2016,Detroit
11694,1/31/2016,1.46,10303.61,1820.34,5379.14,0.0,3104.13,466.67,2637.0,0.0,organic,2016,Detroit
11695,2/7/2016,1.33,10472.65,1808.94,5778.2,0.0,2885.51,406.67,2479.0,0.0,organic,2016,Detroit
11696,2/14/2016,1.31,10918.3,2185.23,5667.24,0.0,3065.83,346.67,2719.0,0.0,organic,2016,Detroit
11697,2/21/2016,1.31,10640.55,2285.14,5350.58,0.0,3004.83,389.62,2615.0,0.0,organic,2016,Detroit
11698,2/28/2016,1.45,11000.16,2183.38,7092.02,0.0,1724.76,290.0,1435.0,0.0,organic,2016,Detroit
11699,3/6/2016,1.45,8962.28,853.41,6477.46,0.0,1631.41,365.65,1266.0,0.0,organic,2016,Detroit
11700,3/13/2016,1.26,12076.42,728.62,6293.44,0.0,5054.36,725.9,4328.0,0.0,organic,2016,Detroit
11701,3/20/2016,0.95,19512.63,689.02,7061.83,0.0,11761.78,723.33,11038.0,0.0,organic,2016,Detroit
11702,3/27/2016,1.31,14713.15,481.18,7529.48,0.0,6702.49,866.3,5836.0,0.0,organic,2016,Detroit
11703,4/3/2016,1.27,10988.01,597.82,6688.79,0.0,3701.4,760.0,2941.0,0.0,organic,2016,Detroit
11704,4/10/2016,1.42,9110.23,757.16,6902.28,0.0,1450.79,743.33,707.0,0.0,organic,2016,Detroit
11705,4/17/2016,1.19,18357.84,437.82,9782.03,0.0,8137.99,1637.54,6500.0,0.0,organic,2016,Detroit
11706,4/24/2016,1.12,22644.96,503.71,10249.88,0.0,11891.37,2798.69,9092.68,0.0,organic,2016,Detroit
11707,5/1/2016,1.55,13441.92,357.55,7877.12,0.0,5207.25,927.71,4279.54,0.0,organic,2016,Detroit
11708,5/8/2016,1.28,16109.87,292.56,8066.75,0.0,7750.56,1453.52,6297.04,0.0,organic,2016,Detroit
11709,5/15/2016,1.33,14006.16,321.4,7201.35,0.0,6483.41,854.68,5628.73,0.0,organic,2016,Detroit
11710,5/22/2016,0.88,24932.62,479.17,8182.24,0.0,16271.21,697.26,15573.95,0.0,organic,2016,Detroit
11711,5/29/2016,1.41,19412.28,634.9,11896.25,0.0,6881.13,622.9,6258.23,0.0,organic,2016,Detroit
11712,6/5/2016,0.73,38685.43,665.57,9719.56,0.0,28300.3,948.33,27351.97,0.0,organic,2016,Detroit
11713,6/12/2016,1.25,19250.46,822.13,8482.74,0.0,9945.59,1020.0,8925.59,0.0,organic,2016,Detroit
11714,6/19/2016,1.03,24427.82,879.07,9121.58,0.0,14427.17,880.0,13547.17,0.0,organic,2016,Detroit
11715,6/26/2016,1.26,18307.22,716.67,8879.63,0.0,8710.92,1000.2,7710.72,0.0,organic,2016,Detroit
11716,7/3/2016,1.05,21345.19,778.4,9330.9,0.0,11235.89,857.26,10378.63,0.0,organic,2016,Detroit
11717,7/10/2016,0.98,24521.13,768.36,8606.24,0.0,15146.53,890.15,14256.38,0.0,organic,2016,Detroit
11718,7/17/2016,1.14,22070.24,889.59,8699.6,0.0,12481.05,1092.91,11388.14,0.0,organic,2016,Detroit
11719,7/24/2016,1.54,16285.84,969.22,9420.9,0.0,5895.72,690.15,5205.57,0.0,organic,2016,Detroit
11720,7/31/2016,1.35,17867.29,837.85,8580.22,0.0,8449.22,969.53,7479.69,0.0,organic,2016,Detroit
11721,8/7/2016,1.33,18837.12,848.8,8894.04,0.0,9094.28,768.46,8325.82,0.0,organic,2016,Detroit
11722,8/14/2016,1.45,15193.49,780.76,8921.36,0.0,5491.37,830.38,4660.99,0.0,organic,2016,Detroit
11723,8/21/2016,1.4,13662.27,751.81,7547.5,0.0,5362.96,802.78,4560.18,0.0,organic,2016,Detroit
11724,8/28/2016,1.14,18362.63,855.97,7611.27,0.0,9895.39,854.03,9041.36,0.0,organic,2016,Detroit
11725,9/4/2016,1.03,20778.46,657.1,7977.82,0.0,12143.54,748.81,11394.73,0.0,organic,2016,Detroit
11726,9/11/2016,0.93,23933.59,1160.5,7929.35,0.0,14843.74,1302.39,13541.35,0.0,organic,2016,Detroit
11727,9/18/2016,1.37,12995.36,858.96,6615.01,0.0,5521.39,1142.74,4378.65,0.0,organic,2016,Detroit
11728,9/25/2016,1.08,21564.13,786.55,6839.89,0.0,13937.69,518.66,13419.03,0.0,organic,2016,Detroit
11729,10/2/2016,1.74,10476.39,788.72,7978.47,0.0,1709.2,746.49,962.71,0.0,organic,2016,Detroit
11730,10/9/2016,0.91,27051.5,678.11,8511.22,0.0,17862.17,1015.23,16846.94,0.0,organic,2016,Detroit
11731,10/16/2016,0.88,24025.32,820.02,6757.92,0.0,16447.38,592.13,15855.25,0.0,organic,2016,Detroit
11732,10/23/2016,1.06,23612.89,683.08,8487.48,0.0,14442.33,483.62,13958.71,0.0,organic,2016,Detroit
11733,10/30/2016,1.77,13787.12,687.53,10103.65,0.0,2995.94,826.9,2169.04,0.0,organic,2016,Detroit
11734,11/6/2016,0.79,34582.48,636.73,7665.08,0.0,26280.67,1155.55,25125.12,0.0,organic,2016,Detroit
11735,11/13/2016,1.08,22242.88,623.31,7197.29,0.0,14422.28,1054.34,13367.94,0.0,organic,2016,Detroit
11736,11/20/2016,1.05,15249.78,596.36,4877.64,0.0,9775.78,692.45,9083.33,0.0,organic,2016,Detroit
11737,11/27/2016,1.29,10119.58,366.81,4158.12,0.0,5594.65,2883.32,2711.33,0.0,organic,2016,Detroit
11738,12/4/2016,1.36,12252.47,529.77,4890.87,0.0,6831.83,6310.2,521.63,0.0,organic,2016,Detroit
11739,12/11/2016,0.89,16467.48,477.62,4371.87,0.0,11617.99,1010.4,10607.59,0.0,organic,2016,Detroit
11740,12/18/2016,1.5,8350.41,835.32,5733.54,0.0,1781.55,611.42,1170.13,0.0,organic,2016,Detroit
11741,12/25/2016,1.46,9541.46,1008.05,7376.5,0.0,1156.91,634.1,522.81,0.0,organic,2016,Detroit
11891,1/4/2016,1.45,2625.6,1173.11,1325.82,0.0,126.67,126.67,0.0,0.0,organic,2016,Grand Rapids
11892,1/10/2016,1.4,4134.61,2821.21,939.02,0.0,374.38,366.67,8.0,0.0,organic,2016,Grand Rapids
11893,1/17/2016,1.53,2099.77,1295.76,471.18,0.0,332.83,326.67,6.0,0.0,organic,2016,Grand Rapids
11894,1/24/2016,1.49,2363.97,1140.04,665.48,0.0,558.45,533.33,25.0,0.0,organic,2016,Grand Rapids
11895,1/31/2016,1.54,2267.22,1297.07,733.48,0.0,236.67,236.67,0.0,0.0,organic,2016,Grand Rapids
11896,2/7/2016,1.46,2112.25,1353.88,561.7,0.0,196.67,196.67,0.0,0.0,organic,2016,Grand Rapids
11897,2/14/2016,1.36,2168.35,919.81,981.87,0.0,266.67,266.67,0.0,0.0,organic,2016,Grand Rapids
11898,2/21/2016,1.58,2373.09,1437.69,715.4,0.0,220.0,220.0,0.0,0.0,organic,2016,Grand Rapids
11899,2/28/2016,1.43,2981.75,1212.2,1566.22,0.0,203.33,203.33,0.0,0.0,organic,2016,Grand Rapids
11900,3/6/2016,1.1,3976.8,351.73,3320.01,0.0,305.06,286.67,18.0,0.0,organic,2016,Grand Rapids
11901,3/13/2016,1.33,1643.43,258.14,916.85,0.0,468.44,450.0,18.0,0.0,organic,2016,Grand Rapids
11902,3/20/2016,1.33,4064.64,122.12,3441.44,0.0,501.08,473.33,28.0,0.0,organic,2016,Grand Rapids
11903,3/27/2016,1.53,1816.88,73.89,1274.17,0.0,468.82,453.33,15.0,0.0,organic,2016,Grand Rapids
11904,4/3/2016,1.56,1409.23,78.55,868.21,0.0,462.47,450.0,12.0,0.0,organic,2016,Grand Rapids
11905,4/10/2016,1.34,1690.4,62.14,1118.45,0.0,509.81,480.0,30.0,0.0,organic,2016,Grand Rapids
11906,4/17/2016,1.57,1620.45,102.47,788.49,0.0,729.49,720.0,9.0,0.0,organic,2016,Grand Rapids
11907,4/24/2016,1.47,3402.66,61.63,2746.0,0.0,595.03,595.03,0.0,0.0,organic,2016,Grand Rapids
11908,5/1/2016,1.36,2405.79,72.15,1721.41,0.0,612.23,604.21,8.02,0.0,organic,2016,Grand Rapids
11909,5/8/2016,1.56,1750.18,50.8,1364.24,0.0,335.14,335.14,0.0,0.0,organic,2016,Grand Rapids
11910,5/15/2016,1.6,1891.39,42.3,1296.57,0.0,552.52,537.94,14.58,0.0,organic,2016,Grand Rapids
11911,5/22/2016,1.75,1610.27,19.03,1178.7,0.0,412.54,380.0,32.54,0.0,organic,2016,Grand Rapids
11912,5/29/2016,1.69,1778.67,19.11,1245.12,0.0,514.44,486.67,27.77,0.0,organic,2016,Grand Rapids
11913,6/5/2016,1.28,3011.11,55.96,2281.21,0.0,673.94,526.67,147.27,0.0,organic,2016,Grand Rapids
11914,6/12/2016,1.51,4328.09,49.11,3699.04,0.0,579.94,556.67,23.27,0.0,organic,2016,Grand Rapids
11915,6/19/2016,1.67,2301.05,41.53,1883.37,0.0,376.15,330.0,46.15,0.0,organic,2016,Grand Rapids
11916,6/26/2016,1.38,2515.91,27.16,2001.1,0.0,487.65,440.0,47.65,0.0,organic,2016,Grand Rapids
11917,7/3/2016,1.8,1680.08,15.67,1297.74,0.0,366.67,366.67,0.0,0.0,organic,2016,Grand Rapids
11918,7/10/2016,1.73,1909.68,38.29,1293.21,0.0,578.18,546.67,31.51,0.0,organic,2016,Grand Rapids
11919,7/17/2016,1.82,1222.54,345.52,308.85,0.0,568.17,513.33,54.84,0.0,organic,2016,Grand Rapids
11920,7/24/2016,1.98,1509.8,781.44,199.22,0.0,529.14,516.67,12.47,0.0,organic,2016,Grand Rapids
11921,7/31/2016,1.86,1853.41,885.09,214.99,0.0,753.33,753.33,0.0,0.0,organic,2016,Grand Rapids
11922,8/7/2016,2.03,1794.39,1069.54,187.76,0.0,537.09,500.0,37.09,0.0,organic,2016,Grand Rapids
11923,8/14/2016,1.93,1958.5,1112.04,207.99,0.0,638.47,456.67,181.8,0.0,organic,2016,Grand Rapids
11924,8/21/2016,1.94,2096.45,1016.22,378.84,0.0,701.39,600.0,101.39,0.0,organic,2016,Grand Rapids
11925,8/28/2016,1.8,2178.75,577.74,790.08,0.0,810.93,726.67,84.26,0.0,organic,2016,Grand Rapids
11926,9/4/2016,1.96,1782.56,436.53,784.93,0.0,561.1,526.67,34.43,0.0,organic,2016,Grand Rapids
11927,9/11/2016,1.91,1765.13,203.67,861.46,0.0,700.0,700.0,0.0,0.0,organic,2016,Grand Rapids
11928,9/18/2016,1.82,1285.58,60.51,581.74,0.0,643.33,630.0,13.33,0.0,organic,2016,Grand Rapids
11929,9/25/2016,2.16,980.98,104.51,691.68,0.0,184.79,173.33,11.46,0.0,organic,2016,Grand Rapids
11930,10/2/2016,2.1,1122.69,97.63,738.39,0.0,286.67,286.67,0.0,0.0,organic,2016,Grand Rapids
11931,10/9/2016,1.99,1434.77,83.91,770.3,0.0,580.56,580.56,0.0,0.0,organic,2016,Grand Rapids
11932,10/16/2016,2.07,1200.59,117.0,856.14,0.0,227.45,143.33,84.12,0.0,organic,2016,Grand Rapids
11933,10/23/2016,2.17,1243.29,104.69,743.84,0.0,394.76,373.33,21.43,0.0,organic,2016,Grand Rapids
11934,10/30/2016,2.11,740.33,17.92,379.08,0.0,343.33,343.33,0.0,0.0,organic,2016,Grand Rapids
11935,11/6/2016,2.17,1298.02,66.35,648.34,0.0,583.33,583.33,0.0,0.0,organic,2016,Grand Rapids
11936,11/13/2016,2.28,1284.68,69.31,822.04,0.0,393.33,393.33,0.0,0.0,organic,2016,Grand Rapids
11937,11/20/2016,2.26,841.53,43.11,481.19,0.0,317.23,317.23,0.0,0.0,organic,2016,Grand Rapids
11938,11/27/2016,2.08,979.74,58.63,714.71,0.0,206.4,150.56,55.84,0.0,organic,2016,Grand Rapids
11939,12/4/2016,1.32,4005.73,232.21,3063.52,0.0,710.0,710.0,0.0,0.0,organic,2016,Grand Rapids
11940,12/11/2016,1.97,1212.71,29.44,855.06,0.0,328.21,160.0,168.21,0.0,organic,2016,Grand Rapids
11941,12/18/2016,2.11,1181.37,37.91,873.33,0.0,270.13,223.33,46.8,0.0,organic,2016,Grand Rapids
11942,12/25/2016,2.04,1361.01,84.29,813.39,0.0,463.33,463.33,0.0,0.0,organic,2016,Grand Rapids
12702,1/4/2016,1.53,2057.45,229.67,1187.16,0.0,640.62,304.07,336.55,0.0,organic,2016,Indianapolis
12703,1/10/2016,1.51,2816.92,458.88,1268.87,0.0,1089.17,646.67,442.5,0.0,organic,2016,Indianapolis
12704,1/17/2016,1.51,2169.25,315.5,1240.35,8.83,604.57,283.33,321.24,0.0,organic,2016,Indianapolis
12705,1/24/2016,1.13,3585.33,334.99,1406.09,9.92,1834.33,553.33,1281.0,0.0,organic,2016,Indianapolis
12706,1/31/2016,1.38,2450.94,281.67,1119.38,0.0,1049.89,516.67,533.22,0.0,organic,2016,Indianapolis
12707,2/7/2016,1.37,3025.26,363.35,1459.7,3.32,1198.89,533.33,665.56,0.0,organic,2016,Indianapolis
12708,2/14/2016,1.24,3182.4,368.91,1277.17,0.0,1536.32,590.0,946.32,0.0,organic,2016,Indianapolis
12709,2/21/2016,1.53,2235.13,320.85,1193.27,0.0,721.01,470.0,251.01,0.0,organic,2016,Indianapolis
12710,2/28/2016,1.6,1901.93,347.96,1077.57,0.0,476.4,433.33,43.07,0.0,organic,2016,Indianapolis
12711,3/6/2016,1.48,1831.89,250.68,1046.17,0.0,535.04,260.13,274.91,0.0,organic,2016,Indianapolis
12712,3/13/2016,1.39,2555.93,134.82,1110.28,0.0,1310.83,813.33,497.5,0.0,organic,2016,Indianapolis
12713,3/20/2016,1.26,3222.83,124.06,1194.0,0.0,1904.77,856.67,1048.1,0.0,organic,2016,Indianapolis
12714,3/27/2016,1.4,3215.76,101.0,1477.5,0.0,1637.26,663.33,973.93,0.0,organic,2016,Indianapolis
12715,4/3/2016,1.54,2278.47,105.56,1178.62,0.0,994.29,650.0,344.29,0.0,organic,2016,Indianapolis
12716,4/10/2016,1.15,3566.21,91.87,1291.12,0.0,2183.22,970.46,1212.76,0.0,organic,2016,Indianapolis
12717,4/17/2016,1.36,4133.9,105.66,1517.28,2.39,2508.57,1540.29,968.28,0.0,organic,2016,Indianapolis
12718,4/24/2016,1.27,4243.55,131.5,1812.03,0.0,2300.02,1236.12,1063.9,0.0,organic,2016,Indianapolis
12719,5/1/2016,1.38,4413.98,144.42,1825.03,0.0,2444.53,1424.01,1020.52,0.0,organic,2016,Indianapolis
12720,5/8/2016,1.3,3820.07,120.0,1964.14,26.94,1708.99,772.63,936.36,0.0,organic,2016,Indianapolis
12721,5/15/2016,1.26,4772.79,72.55,1915.81,0.0,2784.43,1416.26,1368.17,0.0,organic,2016,Indianapolis
12722,5/22/2016,1.36,3722.4,106.92,1841.73,0.0,1773.75,864.81,908.94,0.0,organic,2016,Indianapolis
12723,5/29/2016,1.33,4126.64,166.85,1890.42,0.0,2069.37,1428.58,640.79,0.0,organic,2016,Indianapolis
12724,6/5/2016,1.25,3998.08,141.1,1769.38,0.0,2087.6,1003.89,1083.71,0.0,organic,2016,Indianapolis
12725,6/12/2016,1.34,4358.39,183.1,1784.76,0.0,2390.53,1032.78,1357.75,0.0,organic,2016,Indianapolis
12726,6/19/2016,1.37,4509.52,248.19,1839.21,0.0,2422.12,1186.19,1235.93,0.0,organic,2016,Indianapolis
12727,6/26/2016,1.39,4164.06,414.49,1463.24,0.0,2286.33,1288.33,998.0,0.0,organic,2016,Indianapolis
12728,7/3/2016,1.39,4245.31,432.92,1678.17,0.0,2134.22,1171.51,962.71,0.0,organic,2016,Indianapolis
12729,7/10/2016,1.11,5370.5,429.9,1722.68,0.0,3217.92,1233.2,1984.72,0.0,organic,2016,Indianapolis
12730,7/17/2016,1.19,5015.85,440.56,1496.9,0.0,3078.39,1304.59,1773.8,0.0,organic,2016,Indianapolis
12731,7/24/2016,1.71,3652.3,368.81,1438.47,0.0,1845.02,1444.45,400.57,0.0,organic,2016,Indianapolis
12732,7/31/2016,1.8,3264.33,303.49,1335.23,0.0,1625.61,1386.67,238.94,0.0,organic,2016,Indianapolis
12733,8/7/2016,1.7,4430.65,466.83,1188.49,0.0,2775.33,1296.76,1478.57,0.0,organic,2016,Indianapolis
12734,8/14/2016,1.67,4592.37,390.91,1704.93,0.0,2496.53,1353.5,1143.03,0.0,organic,2016,Indianapolis
12735,8/21/2016,1.59,4533.5,454.13,1589.22,0.0,2490.15,1321.24,1168.91,0.0,organic,2016,Indianapolis
12736,8/28/2016,1.25,6033.01,528.46,1507.87,0.0,3996.68,1002.92,2993.76,0.0,organic,2016,Indianapolis
12737,9/4/2016,1.56,5235.64,714.79,1827.78,0.0,2693.07,1221.61,1471.46,0.0,organic,2016,Indianapolis
12738,9/11/2016,1.59,4864.91,425.0,1395.3,0.0,3044.61,1494.93,1549.68,0.0,organic,2016,Indianapolis
12739,9/18/2016,1.96,2874.38,242.62,1484.61,0.0,1147.15,514.7,632.45,0.0,organic,2016,Indianapolis
12740,9/25/2016,1.97,3007.07,177.86,1376.52,0.0,1452.69,793.58,659.11,0.0,organic,2016,Indianapolis
12741,10/2/2016,1.9,2988.84,149.34,1570.51,0.0,1268.99,842.78,426.21,0.0,organic,2016,Indianapolis
12742,10/9/2016,1.48,3479.15,133.02,1800.96,0.0,1545.17,677.65,867.52,0.0,organic,2016,Indianapolis
12743,10/16/2016,1.48,3492.62,161.89,1522.71,0.0,1808.02,737.01,1071.01,0.0,organic,2016,Indianapolis
12744,10/23/2016,1.58,3929.64,145.73,1419.02,0.0,2364.89,581.97,1782.92,0.0,organic,2016,Indianapolis
12745,10/30/2016,2.1,3125.55,150.44,1634.81,0.0,1340.3,1054.45,285.85,0.0,organic,2016,Indianapolis
12746,11/6/2016,1.81,4057.85,203.83,1663.45,0.0,2190.57,1264.44,926.13,0.0,organic,2016,Indianapolis
12747,11/13/2016,1.71,3392.09,202.52,1130.18,0.0,2059.39,1034.83,1024.56,0.0,organic,2016,Indianapolis
12748,11/20/2016,1.59,3377.88,149.77,1228.83,0.0,1999.28,883.13,1116.15,0.0,organic,2016,Indianapolis
12749,11/27/2016,1.66,2862.28,120.71,984.33,0.0,1757.24,614.85,1142.39,0.0,organic,2016,Indianapolis
12750,12/4/2016,1.63,3346.65,143.41,1277.96,0.0,1925.28,631.05,1294.23,0.0,organic,2016,Indianapolis
12751,12/11/2016,1.09,6248.59,112.62,1368.33,0.0,4767.64,881.26,3886.38,0.0,organic,2016,Indianapolis
12752,12/18/2016,1.45,3202.84,110.89,1166.65,0.0,1925.3,704.82,1220.48,0.0,organic,2016,Indianapolis
12753,12/25/2016,1.62,2583.94,114.51,1052.73,0.0,1416.7,1027.03,389.67,0.0,organic,2016,Indianapolis
