Laura/avocado_sales_2016.csv
,Date,AveragePrice,Total Volume,4046,4225,4770,Total Bags,Small Bags,Large Bags,XLarge Bags,type,year,region
12955,1/4/2016,1.51,5893.02,4852.89,163.43,16.7,860.0,860.0,0.0,0.0,organic,2016,Jacksonville
12956,1/10/2016,1.76,2737.65,1732.15,78.13,24.04,903.33,903.33,0.0,0.0,organic,2016,Jacksonville
12957,1/17/2016,1.8,2613.23,1828.5,113.83,10.9,660.0,660.0,0.0,0.0,organic,2016,Jacksonville
12958,1/24/2016,1.66,2934.24,1638.49,59.38,9.7,1226.67,1226.67,0.0,0.0,organic,2016,Jacksonville
12959,1/31/2016,1.74,2697.3,1724.8,84.91,10.92,876.67,876.67,0.0,0.0,organic,2016,Jacksonville
12960,2/7/2016,1.7,2292.78,1370.93,59.67,12.18,850.0,850.0,0.0,0.0,organic,2016,Jacksonville
12961,2/14/2016,1.73,2550.87,1696.11,51.32,13.44,790.0,790.0,0.0,0.0,organic,2016,Jacksonville
12962,2/21/2016,1.76,2679.98,1793.68,76.87,6.1,803.33,803.33,0.0,0.0,organic,2016,Jacksonville
12963,2/28/2016,1.8,2362.13,1675.73,82.21,20.86,583.33,583.33,0.0,0.0,organic,2016,Jacksonville
12964,3/6/2016,1.83,2650.6,1984.85,111.88,17.21,536.66,533.33,3.33,0.0,organic,2016,Jacksonville
12965,3/13/2016,1.7,3152.41,2038.98,126.9,9.86,976.67,976.67,0.0,0.0,organic,2016,Jacksonville
12966,3/20/2016,1.58,3783.94,2000.1,119.76,7.41,1656.67,1656.67,0.0,0.0,organic,2016,Jacksonville
12967,3/27/2016,1.73,2778.43,1827.82,131.27,26.01,793.33,793.33,0.0,0.0,organic,2016,Jacksonville
12968,4/3/2016,1.66,3632.75,2203.04,123.98,12.4,1293.33,1293.33,0.0,0.0,organic,2016,Jacksonville
12969,4/10/2016,1.62,3379.11,1917.91,102.98,14.89,1343.33,1343.33,0.0,0.0,organic,2016,Jacksonville
12970,4/17/2016,1.73,3452.46,2174.85,170.16,7.45,1100.0,1100.0,0.0,0.0,organic,2016,Jacksonville
12971,4/24/2016,1.64,3650.65,1906.63,95.77,14.92,1633.33,1633.33,0.0,0.0,organic,2016,Jacksonville
12972,5/1/2016,1.65,3584.65,2476.8,224.15,13.7,870.0,870.0,0.0,0.0,organic,2016,Jacksonville
12973,5/8/2016,1.7,3174.26,1850.51,155.45,4.97,1163.33,1163.33,0.0,0.0,organic,2016,Jacksonville
12974,5/15/2016,1.76,3079.43,2042.3,140.46,0.0,896.67,896.67,0.0,0.0,organic,2016,Jacksonville
12975,5/22/2016,1.66,3862.88,2130.3,142.19,13.72,1576.67,1576.67,0.0,0.0,organic,2016,Jacksonville
12976,5/29/2016,1.63,4110.96,2183.27,164.4,9.96,1753.33,1753.33,0.0,0.0,organic,2016,Jacksonville
12977,6/5/2016,1.64,3604.28,1979.42,135.7,2.49,1486.67,1486.67,0.0,0.0,organic,2016,Jacksonville
12978,6/12/2016,1.73,3772.07,2461.73,117.05,9.96,1183.33,1183.33,0.0,0.0,organic,2016,Jacksonville
12979,6/19/2016,1.71,3747.81,2375.35,118.56,20.57,1233.33,1233.33,0.0,0.0,organic,2016,Jacksonville
12980,6/26/2016,1.72,3794.29,2437.58,118.08,25.3,1213.33,1213.33,0.0,0.0,organic,2016,Jacksonville
12981,7/3/2016,1.26,6402.23,1794.82,126.06,8.4,4472.95,4472.95,0.0,0.0,organic,2016,Jacksonville
12982,7/10/2016,1.68,3843.3,1452.19,79.88,8.35,2302.88,2302.88,0.0,0.0,organic,2016,Jacksonville
12983,7/17/2016,2.11,3794.69,2538.4,191.36,41.6,1023.33,1023.33,0.0,0.0,organic,2016,Jacksonville
12984,7/24/2016,2.17,4109.11,2932.78,193.15,33.18,950.0,940.0,10.0,0.0,organic,2016,Jacksonville
12985,7/31/2016,1.92,3706.68,1943.32,112.23,37.8,1613.33,1593.33,20.0,0.0,organic,2016,Jacksonville
12986,8/7/2016,2.01,4141.49,2307.13,134.95,62.74,1636.67,1620.0,16.67,0.0,organic,2016,Jacksonville
12987,8/14/2016,2.1,3471.82,2096.45,184.98,23.72,1166.67,1156.67,10.0,0.0,organic,2016,Jacksonville
12988,8/21/2016,2.0,3378.48,1860.99,108.09,9.4,1400.0,1370.0,30.0,0.0,organic,2016,Jacksonville
12989,8/28/2016,1.73,2400.5,750.69,90.6,5.88,1553.33,1550.0,3.33,0.0,organic,2016,Jacksonville
12990,9/4/2016,1.87,2670.47,1152.74,97.73,0.0,1420.0,1416.67,3.33,0.0,organic,2016,Jacksonville
12991,9/11/2016,1.87,2614.82,1225.28,71.87,3.53,1314.14,923.33,390.81,0.0,organic,2016,Jacksonville
12992,9/18/2016,1.36,5115.54,690.53,77.79,3.54,4343.68,713.33,3630.35,0.0,organic,2016,Jacksonville
12993,9/25/2016,1.46,4250.85,803.21,73.13,0.0,3374.51,860.0,2514.51,0.0,organic,2016,Jacksonville
12994,10/2/2016,2.24,1990.61,1454.6,92.32,8.28,435.41,390.0,45.41,0.0,organic,2016,Jacksonville
12995,10/9/2016,1.98,2187.6,1278.95,60.28,1.18,847.19,180.0,667.19,0.0,organic,2016,Jacksonville
12996,10/16/2016,1.36,3022.99,435.32,83.76,5.9,2498.01,166.67,2331.34,0.0,organic,2016,Jacksonville
12997,10/23/2016,1.4,2998.64,352.97,95.3,1.18,2549.19,0.0,2549.19,0.0,organic,2016,Jacksonville
12998,10/30/2016,1.41,4355.53,450.59,133.77,3.52,3767.65,250.0,3517.65,0.0,organic,2016,Jacksonville
12999,11/6/2016,1.43,3789.61,312.69,69.36,4.7,3402.86,650.0,2752.86,0.0,organic,2016,Jacksonville
13000,11/13/2016,1.47,4890.43,446.05,65.91,11.77,4366.7,1503.33,2863.37,0.0,organic,2016,Jacksonville
13001,11/20/2016,1.49,4653.39,400.69,88.39,5.89,4158.42,1536.67,2621.75,0.0,organic,2016,Jacksonville
13002,11/27/2016,1.43,3212.61,287.21,55.43,18.87,2851.1,1016.67,1834.43,0.0,organic,2016,Jacksonville
13003,12/4/2016,1.35,3690.99,286.08,33.1,10.64,3361.17,836.66,2524.51,0.0,organic,2016,Jacksonville
13004,12/11/2016,1.34,4102.26,346.19,35.57,4.74,3715.76,1173.33,2542.43,0.0,organic,2016,Jacksonville
13005,12/18/2016,1.27,2966.96,257.99,57.07,2.38,2649.52,596.67,2052.85,0.0,organic,2016,Jacksonville
13006,12/25/2016,1.27,3439.46,259.84,79.86,11.92,3087.84,1003.33,2084.51,0.0,organic,2016,Jacksonville
13714,1/4/2016,1.74,1057.26,19.87,858.22,0.0,179.17,6.67,172.5,0.0,organic,2016,Louisville
13715,1/10/2016,1.68,1460.66,44.55,1039.39,0.0,376.72,0.0,376.72,0.0,organic,2016,Louisville
13716,1/17/2016,1.85,1241.24,67.79,1037.86,0.0,135.59,0.0,135.59,0.0,organic,2016,Louisville
13717,1/24/2016,1.49,1929.38,24.57,1229.56,0.0,675.25,216.67,458.58,0.0,organic,2016,Louisville
13718,1/31/2016,1.55,1293.69,6.12,781.54,0.0,506.03,186.67,319.36,0.0,organic,2016,Louisville
13719,2/7/2016,1.59,1259.46,7.32,890.84,0.0,361.3,83.33,277.97,0.0,organic,2016,Louisville
13720,2/14/2016,1.72,1023.51,31.66,831.75,0.0,160.1,16.67,143.43,0.0,organic,2016,Louisville
13721,2/21/2016,1.64,897.77,27.95,646.39,0.0,223.43,53.33,170.1,0.0,organic,2016,Louisville
13722,2/28/2016,1.69,1081.74,15.76,1009.82,0.0,56.16,40.0,16.16,0.0,organic,2016,Louisville
13723,3/6/2016,0.96,3033.63,23.01,1555.04,0.0,1455.58,70.0,1385.58,0.0,organic,2016,Louisville
13724,3/13/2016,1.08,3691.76,0.0,1890.63,0.0,1801.13,200.0,1601.13,0.0,organic,2016,Louisville
13725,3/20/2016,1.51,1883.74,0.0,1585.02,0.0,298.72,166.67,132.05,0.0,organic,2016,Louisville
13726,3/27/2016,1.32,2136.97,4.86,1423.45,0.0,708.66,116.67,591.99,0.0,organic,2016,Louisville
13727,4/3/2016,1.43,1682.3,4.88,1207.03,0.0,470.39,103.33,367.06,0.0,organic,2016,Louisville
13728,4/10/2016,1.41,1886.22,4.9,1398.03,0.0,483.29,123.33,359.96,0.0,organic,2016,Louisville
13729,4/17/2016,1.4,2863.95,0.0,2212.64,0.0,651.31,280.0,371.31,0.0,organic,2016,Louisville
13730,4/24/2016,1.22,2986.31,15.89,1609.69,0.0,1360.73,339.17,1021.56,0.0,organic,2016,Louisville
13731,5/1/2016,1.35,2389.94,4.98,1190.05,0.0,1194.91,324.22,870.69,0.0,organic,2016,Louisville
13732,5/8/2016,1.47,1825.53,1.25,1161.26,0.0,663.02,115.48,547.54,0.0,organic,2016,Louisville
13733,5/15/2016,1.48,2477.92,0.0,1268.34,0.0,1209.58,357.89,851.69,0.0,organic,2016,Louisville
13734,5/22/2016,1.28,2178.13,0.0,1117.21,0.0,1060.92,190.0,870.92,0.0,organic,2016,Louisville
13735,5/29/2016,1.5,1972.92,0.0,1239.21,0.0,733.71,203.33,530.38,0.0,organic,2016,Louisville
13736,6/5/2016,1.19,3028.17,0.0,1339.64,0.0,1688.53,111.23,1577.3,0.0,organic,2016,Louisville
13737,6/12/2016,1.31,3592.49,0.0,2215.36,0.0,1377.13,160.0,1217.13,0.0,organic,2016,Louisville
13738,6/19/2016,0.85,5739.09,3.0,2053.24,0.0,3682.85,150.0,3532.85,0.0,organic,2016,Louisville
13739,6/26/2016,1.24,3244.63,0.0,1754.77,0.0,1489.86,123.33,1366.53,0.0,organic,2016,Louisville
13740,7/3/2016,1.05,3479.9,0.0,1644.42,0.0,1835.48,133.33,1702.15,0.0,organic,2016,Louisville
13741,7/10/2016,1.25,3026.31,5.33,1700.78,0.0,1320.2,166.67,1153.53,0.0,organic,2016,Louisville
13742,7/17/2016,1.26,2918.73,6.67,1366.68,0.0,1545.38,210.0,1335.38,0.0,organic,2016,Louisville
13743,7/24/2016,1.8,2109.9,2.68,1508.95,0.0,598.27,336.67,261.6,0.0,organic,2016,Louisville
13744,7/31/2016,1.3,3887.95,2.68,1677.47,0.0,2207.8,676.67,1531.13,0.0,organic,2016,Louisville
13745,8/7/2016,1.32,3614.21,1.33,1449.64,0.0,2163.24,866.67,1296.57,0.0,organic,2016,Louisville
13746,8/14/2016,1.59,3017.94,0.0,2276.44,0.0,741.5,300.0,441.5,0.0,organic,2016,Louisville
13747,8/21/2016,1.53,3132.72,18.62,2366.87,0.0,747.23,443.33,303.9,0.0,organic,2016,Louisville
13748,8/28/2016,1.23,3998.13,7.91,2027.99,0.0,1962.23,460.0,1502.23,0.0,organic,2016,Louisville
13749,9/4/2016,1.04,4804.36,1.31,1791.76,0.0,3011.29,353.33,2657.96,0.0,organic,2016,Louisville
13750,9/11/2016,1.07,3778.51,1.31,1380.08,0.0,2397.12,310.0,2087.12,0.0,organic,2016,Louisville
13751,9/18/2016,1.31,2194.01,5.22,1254.23,0.0,934.56,80.0,854.56,0.0,organic,2016,Louisville
13752,9/25/2016,1.81,1727.77,0.0,1385.64,0.0,342.13,263.34,78.79,0.0,organic,2016,Louisville
13753,10/2/2016,1.87,1610.43,4.0,1353.25,0.0,253.18,226.67,26.51,0.0,organic,2016,Louisville
13754,10/9/2016,1.08,4017.83,0.0,1676.0,0.0,2341.83,273.33,2068.5,0.0,organic,2016,Louisville
13755,10/16/2016,1.24,2470.03,12.88,1256.9,0.0,1200.25,170.0,1030.25,0.0,organic,2016,Louisville
13756,10/23/2016,1.03,3422.91,5.11,1408.29,0.0,2009.51,126.67,1882.84,0.0,organic,2016,Louisville
13757,10/30/2016,1.82,2038.12,1.27,1696.28,0.0,340.57,196.67,143.9,0.0,organic,2016,Louisville
13758,11/6/2016,1.17,4143.28,0.0,1735.86,0.0,2407.42,343.34,2064.08,0.0,organic,2016,Louisville
13759,11/13/2016,0.94,4559.57,0.0,1210.46,0.0,3349.11,410.56,2938.55,0.0,organic,2016,Louisville
13760,11/20/2016,0.93,4880.21,6.76,1278.83,0.0,3594.62,613.33,2981.29,0.0,organic,2016,Louisville
13761,11/27/2016,1.26,3129.1,1.25,987.17,0.0,2140.68,566.67,1574.01,0.0,organic,2016,Louisville
13762,12/4/2016,1.28,2391.74,4.0,997.83,0.0,1389.91,396.67,993.24,0.0,organic,2016,Louisville
13763,12/11/2016,1.16,1887.69,0.0,710.07,0.0,1177.62,363.34,814.28,0.0,organic,2016,Louisville
13764,12/18/2016,1.23,2237.49,2.53,928.65,0.0,1306.31,433.33,872.98,0.0,organic,2016,Louisville
13765,12/25/2016,1.53,1619.79,16.42,910.47,0.0,692.9,406.67,286.23,0.0,organic,2016,Louisville
14979,1/4/2016,1.33,9387.91,5709.17,99.1,0.0,3579.64,1436.67,2142.97,0.0,organic,2016,Orlando
14980,1/10/2016,1.75,3858.1,2417.89,59.89,0.0,1380.32,1363.33,17.0,0.0,organic,2016,Orlando
14981,1/17/2016,1.77,3490.69,2447.83,72.86,0.0,970.0,966.67,3.0,0.0,organic,2016,Orlando
14982,1/24/2016,1.59,4767.81,2300.07,57.74,0.0,2410.0,2410.0,0.0,0.0,organic,2016,Orlando
14983,1/31/2016,1.76,4059.35,2811.38,67.97,0.0,1180.0,1173.33,7.0,0.0,organic,2016,Orlando
14984,2/7/2016,1.7,3886.64,2384.31,72.33,0.0,1430.0,1430.0,0.0,0.0,organic,2016,Orlando
14985,2/14/2016,1.69,4079.97,2474.96,47.52,0.0,1557.49,1557.49,0.0,0.0,organic,2016,Orlando
14986,2/21/2016,1.67,3724.91,2172.08,61.97,0.0,1490.86,1487.53,3.0,0.0,organic,2016,Orlando
14987,2/28/2016,1.78,4143.52,2916.41,110.0,0.0,1117.11,1110.44,6.67,0.0,organic,2016,Orlando
14988,3/6/2016,1.74,3787.95,2526.85,84.0,0.0,1177.1,1167.1,10.0,0.0,organic,2016,Orlando
14989,3/13/2016,1.52,5651.13,2735.12,99.34,0.0,2816.67,2816.67,0.0,0.0,organic,2016,Orlando
14990,3/20/2016,1.57,4356.15,2282.29,101.75,0.0,1972.11,1972.11,0.0,0.0,organic,2016,Orlando
14991,3/27/2016,1.6,5298.14,2980.74,110.73,0.0,2206.67,2206.67,0.0,0.0,organic,2016,Orlando
14992,4/3/2016,1.56,5754.88,2988.39,132.34,0.0,2634.15,2634.15,0.0,0.0,organic,2016,Orlando
14993,4/10/2016,1.51,5190.56,2427.51,124.35,0.0,2638.7,2638.7,0.0,0.0,organic,2016,Orlando
14994,4/17/2016,1.64,5604.81,2538.97,159.88,0.0,2905.96,2905.96,0.0,0.0,organic,2016,Orlando
14995,4/24/2016,1.61,6013.98,2375.0,98.26,0.0,3540.72,3540.72,0.0,0.0,organic,2016,Orlando
14996,5/1/2016,1.6,5699.71,2123.26,145.2,0.0,3431.25,3431.25,0.0,0.0,organic,2016,Orlando
14997,5/8/2016,1.68,5598.49,2770.42,153.63,0.0,2674.44,2674.44,0.0,0.0,organic,2016,Orlando
14998,5/15/2016,1.64,5418.84,2354.87,122.94,0.0,2941.03,2941.03,0.0,0.0,organic,2016,Orlando
14999,5/22/2016,1.59,6642.88,2685.64,132.93,0.0,3824.31,3824.31,0.0,0.0,organic,2016,Orlando
15000,5/29/2016,1.47,7278.69,2743.46,98.57,0.0,4436.66,4433.33,3.33,0.0,organic,2016,Orlando
15001,6/5/2016,1.51,6376.64,2654.77,135.2,0.0,3586.67,3570.0,16.67,0.0,organic,2016,Orlando
15002,6/12/2016,1.58,6084.04,3022.56,154.81,0.0,2906.67,2880.0,26.67,0.0,organic,2016,Orlando
15003,6/19/2016,1.51,6725.85,2669.06,340.13,0.0,3716.66,3703.33,13.33,0.0,organic,2016,Orlando
15004,6/26/2016,1.64,6955.34,3803.59,275.09,0.0,2876.66,2863.33,13.33,0.0,organic,2016,Orlando
15005,7/3/2016,1.32,9029.86,2606.85,228.87,0.0,6194.14,6170.81,23.33,0.0,organic,2016,Orlando
15006,7/10/2016,1.53,9912.51,2719.12,221.76,0.0,6971.63,6941.63,30.0,0.0,organic,2016,Orlando
15007,7/17/2016,1.9,6345.68,3281.75,175.52,0.0,2888.41,2875.08,13.33,0.0,organic,2016,Orlando
15008,7/24/2016,1.81,8411.92,3787.14,211.45,0.0,4413.33,4380.0,33.33,0.0,organic,2016,Orlando
15009,7/31/2016,1.84,7013.82,3289.24,134.58,0.0,3590.0,3543.33,46.67,0.0,organic,2016,Orlando
15010,8/7/2016,1.9,6740.73,3067.98,186.09,0.0,3486.66,3453.33,33.33,0.0,organic,2016,Orlando
15011,8/14/2016,1.88,6737.38,3004.19,159.86,0.0,3573.33,3530.0,43.33,0.0,organic,2016,Orlando
15012,8/21/2016,1.85,6359.75,2642.82,176.93,0.0,3540.0,3503.33,36.67,0.0,organic,2016,Orlando
15013,8/28/2016,1.8,6294.99,2353.65,141.34,0.0,3800.0,3756.67,43.33,0.0,organic,2016,Orlando
15014,9/4/2016,1.85,6266.14,2496.83,245.98,0.0,3523.33,3500.0,23.33,0.0,organic,2016,Orlando
15015,9/11/2016,1.47,7565.44,1321.86,108.37,0.0,6135.21,2990.0,3145.21,0.0,organic,2016,Orlando
15016,9/18/2016,1.4,7833.25,1163.62,72.32,0.0,6597.31,2156.67,4440.64,0.0,organic,2016,Orlando
15017,9/25/2016,2.03,3985.23,2263.93,179.85,0.0,1541.45,1010.0,531.45,0.0,organic,2016,Orlando
15018,10/2/2016,2.3,3772.67,2847.79,212.49,0.0,712.39,706.67,5.72,0.0,organic,2016,Orlando
15019,10/9/2016,2.0,3382.0,1877.6,136.29,0.0,1368.11,686.67,681.44,0.0,organic,2016,Orlando
15020,10/16/2016,1.44,2930.31,478.48,51.31,0.0,2400.52,533.33,1867.19,0.0,organic,2016,Orlando
15021,10/23/2016,1.5,4025.09,740.65,53.73,0.0,3230.71,10.0,3220.71,0.0,organic,2016,Orlando
15022,10/30/2016,1.56,3758.96,692.43,201.48,0.0,2865.05,303.33,2561.72,0.0,organic,2016,Orlando
15023,11/6/2016,1.56,6077.14,850.75,90.48,0.0,5135.91,1776.66,3359.25,0.0,organic,2016,Orlando
15024,11/13/2016,1.53,6791.4,691.45,47.12,0.0,6052.83,3136.67,2916.16,0.0,organic,2016,Orlando
15025,11/20/2016,1.53,5481.72,603.21,44.54,0.0,4833.97,2076.66,2757.31,0.0,organic,2016,Orlando
15026,11/27/2016,1.47,4543.09,470.21,40.42,0.0,4032.46,1926.67,2105.79,0.0,organic,2016,Orlando
15027,12/4/2016,1.46,5320.93,529.26,41.71,0.0,4749.96,2106.67,2643.29,0.0,organic,2016,Orlando
15028,12/11/2016,1.4,5860.1,519.9,32.88,0.0,5307.32,2820.0,2487.32,0.0,organic,2016,Orlando
15029,12/18/2016,1.26,5670.99,457.64,50.66,0.0,5162.69,3026.67,2136.02,0.0,organic,2016,Orlando
15030,12/25/2016,1.27,5601.65,475.04,37.97,0.0,5088.64,2863.33,2225.31,0.0,organic,2016,Orlando
