Laura/avocado_sales_2016.csv
,Date,AveragePrice,Total Volume,4046,4225,4770,Total Bags,Small Bags,Large Bags,XLarge Bags,type,year,region
15232,1/4/2016,1.53,8788.89,150.18,1457.84,0.0,7180.87,169.85,7011.02,0.0,organic,2016,Philadelphia
15233,1/10/2016,1.37,13336.18,457.95,2759.72,8.54,10109.97,114.0,9995.97,0.0,organic,2016,Philadelphia
15234,1/17/2016,1.68,8382.56,805.42,1997.8,33.34,5546.0,565.36,4980.64,0.0,organic,2016,Philadelphia
15235,1/24/2016,1.81,11722.26,372.43,2325.54,5.97,9018.32,1264.47,7753.85,0.0,organic,2016,Philadelphia
15236,1/31/2016,1.53,11396.43,438.65,1843.31,18.4,9096.07,230.01,8866.06,0.0,organic,2016,Philadelphia
15237,2/7/2016,1.86,9387.43,793.09,2576.33,10.97,6007.04,1132.99,4874.05,0.0,organic,2016,Philadelphia
15238,2/14/2016,2.07,5952.62,686.01,2615.97,23.18,2627.46,1144.04,1483.42,0.0,organic,2016,Philadelphia
15239,2/21/2016,1.79,9168.4,715.85,2560.31,6.19,5886.05,1527.14,4359.0,0.0,organic,2016,Philadelphia
15240,2/28/2016,1.62,13804.29,1136.49,4947.8,3.7,7716.3,2276.27,5440.03,0.0,organic,2016,Philadelphia
15241,3/6/2016,1.53,16463.5,2516.88,5105.39,9.8,8831.43,1462.75,7368.68,0.0,organic,2016,Philadelphia
15242,3/13/2016,1.59,11340.53,2152.69,2872.73,0.0,6315.11,2743.79,3571.32,0.0,organic,2016,Philadelphia
15243,3/20/2016,1.75,8420.43,745.29,3110.02,14.54,4550.58,3437.89,1112.69,0.0,organic,2016,Philadelphia
15244,3/27/2016,1.95,10596.57,465.92,2658.75,17.11,7454.79,6054.65,1400.14,0.0,organic,2016,Philadelphia
15245,4/3/2016,1.81,13620.12,831.22,3207.79,8.42,9572.69,8652.98,919.71,0.0,organic,2016,Philadelphia
15246,4/10/2016,1.95,10787.78,459.39,2809.86,12.84,7505.69,5674.23,1831.46,0.0,organic,2016,Philadelphia
15247,4/17/2016,1.89,11963.98,933.49,3820.05,12.75,7197.69,6601.7,596.0,0.0,organic,2016,Philadelphia
15248,4/24/2016,1.9,14651.93,1686.52,3105.84,13.98,9845.59,9178.66,666.93,0.0,organic,2016,Philadelphia
15249,5/1/2016,1.87,13101.38,1713.54,3814.81,2.26,7570.77,7400.31,170.46,0.0,organic,2016,Philadelphia
15250,5/8/2016,1.86,8514.81,479.64,3608.21,7.17,4419.79,3417.39,1002.4,0.0,organic,2016,Philadelphia
15251,5/15/2016,1.98,10923.26,548.92,3732.27,166.38,6475.69,5472.24,1003.45,0.0,organic,2016,Philadelphia
15252,5/22/2016,1.97,11516.4,750.67,4399.1,8.71,6357.92,6250.8,107.12,0.0,organic,2016,Philadelphia
15253,5/29/2016,2.07,10738.68,622.97,3962.86,5.06,6147.79,5229.58,918.21,0.0,organic,2016,Philadelphia
15254,6/5/2016,1.91,9901.74,401.54,3388.66,12.55,6098.99,5183.48,915.51,0.0,organic,2016,Philadelphia
15255,6/12/2016,1.85,9058.23,938.76,4044.17,0.0,4075.3,3296.9,778.4,0.0,organic,2016,Philadelphia
15256,6/19/2016,2.19,10778.24,594.97,4220.84,0.0,5962.43,5110.25,852.18,0.0,organic,2016,Philadelphia
15257,6/26/2016,2.16,9455.24,579.85,3964.58,28.53,4882.28,3661.8,1220.48,0.0,organic,2016,Philadelphia
15258,7/3/2016,2.16,10437.32,1027.88,4846.32,15.16,4547.96,3592.18,955.78,0.0,organic,2016,Philadelphia
15259,7/10/2016,2.15,10301.6,1248.06,4556.18,24.96,4472.4,4062.63,409.77,0.0,organic,2016,Philadelphia
15260,7/17/2016,2.16,13247.34,855.59,4251.85,20.67,8119.23,6665.17,1454.06,0.0,organic,2016,Philadelphia
15261,7/24/2016,2.07,7958.25,625.46,3547.92,16.71,3768.16,3586.76,181.4,0.0,organic,2016,Philadelphia
15262,7/31/2016,2.2,7431.86,666.13,3284.48,14.18,3467.07,3467.07,0.0,0.0,organic,2016,Philadelphia
15263,8/7/2016,2.04,9269.42,729.49,3821.28,3.83,4714.82,4646.5,68.32,0.0,organic,2016,Philadelphia
15264,8/14/2016,2.06,6968.81,863.2,3718.14,15.52,2371.95,2239.5,132.45,0.0,organic,2016,Philadelphia
15265,8/21/2016,1.87,10605.21,882.35,4181.99,6.88,5533.99,5365.02,168.97,0.0,organic,2016,Philadelphia
15266,8/28/2016,2.06,6321.4,573.3,3403.23,22.57,2322.3,2289.1,33.2,0.0,organic,2016,Philadelphia
15267,9/4/2016,2.04,12126.24,1240.26,4534.3,39.48,6312.2,6312.2,0.0,0.0,organic,2016,Philadelphia
15268,9/11/2016,2.08,15403.19,1346.13,4722.13,8.32,9326.61,9244.65,81.96,0.0,organic,2016,Philadelphia
15269,9/18/2016,2.18,12536.03,765.26,2809.14,0.0,8961.63,8856.74,104.89,0.0,organic,2016,Philadelphia
15270,9/25/2016,2.24,9520.79,781.53,3274.9,19.27,5445.09,5418.7,26.39,0.0,organic,2016,Philadelphia
15271,10/2/2016,2.23,6865.93,854.63,2658.82,0.0,3352.48,3228.07,124.41,0.0,organic,2016,Philadelphia
15272,10/9/2016,2.17,6701.46,868.09,2914.68,4.43,2914.26,2785.45,128.81,0.0,organic,2016,Philadelphia
15273,10/16/2016,2.26,6276.25,824.21,2624.61,0.0,2827.43,2717.14,110.29,0.0,organic,2016,Philadelphia
15274,10/23/2016,2.06,4580.38,677.26,2325.75,0.0,1577.37,1554.47,22.9,0.0,organic,2016,Philadelphia
15275,10/30/2016,2.39,6531.71,1020.47,3824.37,0.0,1686.87,1633.31,53.56,0.0,organic,2016,Philadelphia
15276,11/6/2016,2.32,7734.59,869.13,2632.06,0.0,4233.4,4214.36,19.04,0.0,organic,2016,Philadelphia
15277,11/13/2016,2.45,6285.53,930.03,3349.54,3.21,2002.75,1991.38,11.37,0.0,organic,2016,Philadelphia
15278,11/20/2016,1.9,11621.1,1865.39,4781.58,14.16,4959.97,4760.38,199.59,0.0,organic,2016,Philadelphia
15279,11/27/2016,2.18,7896.69,704.84,3572.69,8.71,3610.45,3509.75,100.7,0.0,organic,2016,Philadelphia
15280,12/4/2016,2.01,10385.65,1178.8,5084.48,3.02,4119.35,4119.35,0.0,0.0,organic,2016,Philadelphia
15281,12/11/2016,2.04,8663.02,565.46,2881.29,2.24,5214.03,5214.03,0.0,0.0,organic,2016,Philadelphia
15282,12/18/2016,1.87,10810.89,1455.03,4382.02,0.0,4973.84,4794.78,179.06,0.0,organic,2016,Philadelphia
15283,12/25/2016,1.9,11376.97,981.62,3177.51,14.99,7202.85,7053.99,148.86,0.0,organic,2016,Philadelphia
